Archive member included to satisfy reference by file (symbol)

c:/st/stm32cubeide_1.7.0/stm32cubeide/plugins/com.st.stm32cube.ide.mcu.externaltools.gnu-tools-for-stm32.9-2020-q2-update.win32_2.0.0.202105311346/tools/bin/../lib/gcc/arm-none-eabi/9.3.1/../../../../arm-none-eabi/lib/thumb/v7e-m+fp/hard\libc_nano.a(lib_a-errno.o)
                              ./Core/Src/syscalls.o (__errno)
c:/st/stm32cubeide_1.7.0/stm32cubeide/plugins/com.st.stm32cube.ide.mcu.externaltools.gnu-tools-for-stm32.9-2020-q2-update.win32_2.0.0.202105311346/tools/bin/../lib/gcc/arm-none-eabi/9.3.1/../../../../arm-none-eabi/lib/thumb/v7e-m+fp/hard\libc_nano.a(lib_a-exit.o)
                              c:/st/stm32cubeide_1.7.0/stm32cubeide/plugins/com.st.stm32cube.ide.mcu.externaltools.gnu-tools-for-stm32.9-2020-q2-update.win32_2.0.0.202105311346/tools/bin/../lib/gcc/arm-none-eabi/9.3.1/../../../../arm-none-eabi/lib/thumb/v7e-m+fp/hard/crt0.o (exit)
c:/st/stm32cubeide_1.7.0/stm32cubeide/plugins/com.st.stm32cube.ide.mcu.externaltools.gnu-tools-for-stm32.9-2020-q2-update.win32_2.0.0.202105311346/tools/bin/../lib/gcc/arm-none-eabi/9.3.1/../../../../arm-none-eabi/lib/thumb/v7e-m+fp/hard\libc_nano.a(lib_a-impure.o)
                              c:/st/stm32cubeide_1.7.0/stm32cubeide/plugins/com.st.stm32cube.ide.mcu.externaltools.gnu-tools-for-stm32.9-2020-q2-update.win32_2.0.0.202105311346/tools/bin/../lib/gcc/arm-none-eabi/9.3.1/../../../../arm-none-eabi/lib/thumb/v7e-m+fp/hard\libc_nano.a(lib_a-exit.o) (_global_impure_ptr)
c:/st/stm32cubeide_1.7.0/stm32cubeide/plugins/com.st.stm32cube.ide.mcu.externaltools.gnu-tools-for-stm32.9-2020-q2-update.win32_2.0.0.202105311346/tools/bin/../lib/gcc/arm-none-eabi/9.3.1/../../../../arm-none-eabi/lib/thumb/v7e-m+fp/hard\libc_nano.a(lib_a-init.o)
                              c:/st/stm32cubeide_1.7.0/stm32cubeide/plugins/com.st.stm32cube.ide.mcu.externaltools.gnu-tools-for-stm32.9-2020-q2-update.win32_2.0.0.202105311346/tools/bin/../lib/gcc/arm-none-eabi/9.3.1/../../../../arm-none-eabi/lib/thumb/v7e-m+fp/hard/crt0.o (__libc_init_array)
c:/st/stm32cubeide_1.7.0/stm32cubeide/plugins/com.st.stm32cube.ide.mcu.externaltools.gnu-tools-for-stm32.9-2020-q2-update.win32_2.0.0.202105311346/tools/bin/../lib/gcc/arm-none-eabi/9.3.1/../../../../arm-none-eabi/lib/thumb/v7e-m+fp/hard\libc_nano.a(lib_a-memset.o)
                              c:/st/stm32cubeide_1.7.0/stm32cubeide/plugins/com.st.stm32cube.ide.mcu.externaltools.gnu-tools-for-stm32.9-2020-q2-update.win32_2.0.0.202105311346/tools/bin/../lib/gcc/arm-none-eabi/9.3.1/../../../../arm-none-eabi/lib/thumb/v7e-m+fp/hard/crt0.o (memset)

Discarded input sections

 .text          0x0000000000000000        0x0 c:/st/stm32cubeide_1.7.0/stm32cubeide/plugins/com.st.stm32cube.ide.mcu.externaltools.gnu-tools-for-stm32.9-2020-q2-update.win32_2.0.0.202105311346/tools/bin/../lib/gcc/arm-none-eabi/9.3.1/thumb/v7e-m+fp/hard/crti.o
 .data          0x0000000000000000        0x0 c:/st/stm32cubeide_1.7.0/stm32cubeide/plugins/com.st.stm32cube.ide.mcu.externaltools.gnu-tools-for-stm32.9-2020-q2-update.win32_2.0.0.202105311346/tools/bin/../lib/gcc/arm-none-eabi/9.3.1/thumb/v7e-m+fp/hard/crti.o
 .bss           0x0000000000000000        0x0 c:/st/stm32cubeide_1.7.0/stm32cubeide/plugins/com.st.stm32cube.ide.mcu.externaltools.gnu-tools-for-stm32.9-2020-q2-update.win32_2.0.0.202105311346/tools/bin/../lib/gcc/arm-none-eabi/9.3.1/thumb/v7e-m+fp/hard/crti.o
 .data          0x0000000000000000        0x4 c:/st/stm32cubeide_1.7.0/stm32cubeide/plugins/com.st.stm32cube.ide.mcu.externaltools.gnu-tools-for-stm32.9-2020-q2-update.win32_2.0.0.202105311346/tools/bin/../lib/gcc/arm-none-eabi/9.3.1/thumb/v7e-m+fp/hard/crtbegin.o
 .text          0x0000000000000000       0x7c c:/st/stm32cubeide_1.7.0/stm32cubeide/plugins/com.st.stm32cube.ide.mcu.externaltools.gnu-tools-for-stm32.9-2020-q2-update.win32_2.0.0.202105311346/tools/bin/../lib/gcc/arm-none-eabi/9.3.1/../../../../arm-none-eabi/lib/thumb/v7e-m+fp/hard/crt0.o
 .data          0x0000000000000000        0x0 c:/st/stm32cubeide_1.7.0/stm32cubeide/plugins/com.st.stm32cube.ide.mcu.externaltools.gnu-tools-for-stm32.9-2020-q2-update.win32_2.0.0.202105311346/tools/bin/../lib/gcc/arm-none-eabi/9.3.1/../../../../arm-none-eabi/lib/thumb/v7e-m+fp/hard/crt0.o
 .bss           0x0000000000000000        0x0 c:/st/stm32cubeide_1.7.0/stm32cubeide/plugins/com.st.stm32cube.ide.mcu.externaltools.gnu-tools-for-stm32.9-2020-q2-update.win32_2.0.0.202105311346/tools/bin/../lib/gcc/arm-none-eabi/9.3.1/../../../../arm-none-eabi/lib/thumb/v7e-m+fp/hard/crt0.o
 .ARM.extab     0x0000000000000000        0x0 c:/st/stm32cubeide_1.7.0/stm32cubeide/plugins/com.st.stm32cube.ide.mcu.externaltools.gnu-tools-for-stm32.9-2020-q2-update.win32_2.0.0.202105311346/tools/bin/../lib/gcc/arm-none-eabi/9.3.1/../../../../arm-none-eabi/lib/thumb/v7e-m+fp/hard/crt0.o
[...]
Memory Configuration

Name             Origin             Length             Attributes
CCMRAM           0x0000000010000000 0x0000000000001000 xrw
RAM              0x0000000020000000 0x0000000000003000 xrw
FLASH            0x0000000008000000 0x0000000000010000 xr
*default*        0x0000000000000000 0xffffffffffffffff

Linker script and memory map

LOAD c:/st/stm32cubeide_1.7.0/stm32cubeide/plugins/com.st.stm32cube.ide.mcu.externaltools.gnu-tools-for-stm32.9-2020-q2-update.win32_2.0.0.202105311346/tools/bin/../lib/gcc/arm-none-eabi/9.3.1/thumb/v7e-m+fp/hard/crti.o
LOAD c:/st/stm32cubeide_1.7.0/stm32cubeide/plugins/com.st.stm32cube.ide.mcu.externaltools.gnu-tools-for-stm32.9-2020-q2-update.win32_2.0.0.202105311346/tools/bin/../lib/gcc/arm-none-eabi/9.3.1/thumb/v7e-m+fp/hard/crtbegin.o
LOAD c:/st/stm32cubeide_1.7.0/stm32cubeide/plugins/com.st.stm32cube.ide.mcu.externaltools.gnu-tools-for-stm32.9-2020-q2-update.win32_2.0.0.202105311346/tools/bin/../lib/gcc/arm-none-eabi/9.3.1/../../../../arm-none-eabi/lib/thumb/v7e-m+fp/hard/crt0.o
LOAD ./Core/Src/gpio.o
LOAD ./Core/Src/main.o
LOAD ./Core/Src/stm32f3xx_it.o
LOAD ./Core/Src/syscalls.o
LOAD ./Core/Src/sysmem.o
LOAD ./Core/Src/system_stm32f3xx.o
LOAD ./Core/Startup/startup_stm32f303k8tx.o
LOAD ./Drivers/STM32F3xx_HAL_Driver/Src/stm32f3xx_ll_exti.o
LOAD ./Drivers/STM32F3xx_HAL_Driver/Src/stm32f3xx_ll_gpio.o
LOAD ./Drivers/STM32F3xx_HAL_Driver/Src/stm32f3xx_ll_rcc.o
LOAD ./Drivers/STM32F3xx_HAL_Driver/Src/stm32f3xx_ll_utils.o
START GROUP
LOAD c:/st/stm32cubeide_1.7.0/stm32cubeide/plugins/com.st.stm32cube.ide.mcu.externaltools.gnu-tools-for-stm32.9-2020-q2-update.win32_2.0.0.202105311346/tools/bin/../lib/gcc/arm-none-eabi/9.3.1/../../../../arm-none-eabi/lib/thumb/v7e-m+fp/hard\libc_nano.a
LOAD c:/st/stm32cubeide_1.7.0/stm32cubeide/plugins/com.st.stm32cube.ide.mcu.externaltools.gnu-tools-for-stm32.9-2020-q2-update.win32_2.0.0.202105311346/tools/bin/../lib/gcc/arm-none-eabi/9.3.1/../../../../arm-none-eabi/lib/thumb/v7e-m+fp/hard\libm.a
END GROUP
START GROUP
LOAD c:/st/stm32cubeide_1.7.0/stm32cubeide/plugins/com.st.stm32cube.ide.mcu.externaltools.gnu-tools-for-stm32.9-2020-q2-update.win32_2.0.0.202105311346/tools/bin/../lib/gcc/arm-none-eabi/9.3.1/thumb/v7e-m+fp/hard\libgcc.a
LOAD c:/st/stm32cubeide_1.7.0/stm32cubeide/plugins/com.st.stm32cube.ide.mcu.externaltools.gnu-tools-for-stm32.9-2020-q2-update.win32_2.0.0.202105311346/tools/bin/../lib/gcc/arm-none-eabi/9.3.1/../../../../arm-none-eabi/lib/thumb/v7e-m+fp/hard\libc_nano.a
END GROUP
START GROUP
LOAD c:/st/stm32cubeide_1.7.0/stm32cubeide/plugins/com.st.stm32cube.ide.mcu.externaltools.gnu-tools-for-stm32.9-2020-q2-update.win32_2.0.0.202105311346/tools/bin/../lib/gcc/arm-none-eabi/9.3.1/thumb/v7e-m+fp/hard\libgcc.a
LOAD c:/st/stm32cubeide_1.7.0/stm32cubeide/plugins/com.st.stm32cube.ide.mcu.externaltools.gnu-tools-for-stm32.9-2020-q2-update.win32_2.0.0.202105311346/tools/bin/../lib/gcc/arm-none-eabi/9.3.1/../../../../arm-none-eabi/lib/thumb/v7e-m+fp/hard\libc_nano.a
LOAD c:/st/stm32cubeide_1.7.0/stm32cubeide/plugins/com.st.stm32cube.ide.mcu.externaltools.gnu-tools-for-stm32.9-2020-q2-update.win32_2.0.0.202105311346/tools/bin/../lib/gcc/arm-none-eabi/9.3.1/../../../../arm-none-eabi/lib/thumb/v7e-m+fp/hard\libnosys.a
END GROUP
START GROUP
LOAD c:/st/stm32cubeide_1.7.0/stm32cubeide/plugins/com.st.stm32cube.ide.mcu.externaltools.gnu-tools-for-stm32.9-2020-q2-update.win32_2.0.0.202105311346/tools/bin/../lib/gcc/arm-none-eabi/9.3.1/thumb/v7e-m+fp/hard\libgcc.a
LOAD c:/st/stm32cubeide_1.7.0/stm32cubeide/plugins/com.st.stm32cube.ide.mcu.externaltools.gnu-tools-for-stm32.9-2020-q2-update.win32_2.0.0.202105311346/tools/bin/../lib/gcc/arm-none-eabi/9.3.1/../../../../arm-none-eabi/lib/thumb/v7e-m+fp/hard\libc_nano.a
LOAD c:/st/stm32cubeide_1.7.0/stm32cubeide/plugins/com.st.stm32cube.ide.mcu.externaltools.gnu-tools-for-stm32.9-2020-q2-update.win32_2.0.0.202105311346/tools/bin/../lib/gcc/arm-none-eabi/9.3.1/../../../../arm-none-eabi/lib/thumb/v7e-m+fp/hard\libnosys.a
END GROUP
LOAD c:/st/stm32cubeide_1.7.0/stm32cubeide/plugins/com.st.stm32cube.ide.mcu.externaltools.gnu-tools-for-stm32.9-2020-q2-update.win32_2.0.0.202105311346/tools/bin/../lib/gcc/arm-none-eabi/9.3.1/thumb/v7e-m+fp/hard/crtend.o
LOAD c:/st/stm32cubeide_1.7.0/stm32cubeide/plugins/com.st.stm32cube.ide.mcu.externaltools.gnu-tools-for-stm32.9-2020-q2-update.win32_2.0.0.202105311346/tools/bin/../lib/gcc/arm-none-eabi/9.3.1/thumb/v7e-m+fp/hard/crtn.o
                0x0000000020003000                _estack = (ORIGIN (RAM) + LENGTH (RAM))
                0x0000000000000200                _Min_Heap_Size = 0x200
                0x0000000000000400                _Min_Stack_Size = 0x400

.isr_vector     0x0000000008000000      0x188
                0x0000000008000000                . = ALIGN (0x4)
 *(.isr_vector)
 .isr_vector    0x0000000008000000      0x188 ./Core/Startup/startup_stm32f303k8tx.o
                0x0000000008000000                g_pfnVectors
                0x0000000008000188                . = ALIGN (0x4)

.text           0x0000000008000188     0x1154
                0x0000000008000188                . = ALIGN (0x4)
 *(.text)
 .text          0x0000000008000188       0x40 c:/st/stm32cubeide_1.7.0/stm32cubeide/plugins/com.st.stm32cube.ide.mcu.externaltools.gnu-tools-for-stm32.9-2020-q2-update.win32_2.0.0.202105311346/tools/bin/../lib/gcc/arm-none-eabi/9.3.1/thumb/v7e-m+fp/hard/crtbegin.o
 *(.text*)
 .text.__NVIC_GetPriorityGrouping
                0x00000000080001c8       0x1c ./Core/Src/gpio.o
 .text.__NVIC_EnableIRQ
                0x00000000080001e4       0x3c ./Core/Src/gpio.o
 .text.__NVIC_SetPriority
                0x0000000008000220       0x54 ./Core/Src/gpio.o
 .text.NVIC_EncodePriority
                0x0000000008000274       0x66 ./Core/Src/gpio.o
 *fill*         0x00000000080002da        0x2 
 .text.LL_AHB1_GRP1_EnableClock
                0x00000000080002dc       0x30 ./Core/Src/gpio.o
 .text.LL_SYSCFG_SetEXTISource
                0x000000000800030c       0x5c ./Core/Src/gpio.o
 .text.LL_GPIO_SetPinMode
                0x0000000008000368       0x5e ./Core/Src/gpio.o
 .text.LL_GPIO_SetPinPull
                0x00000000080003c6       0x5e ./Core/Src/gpio.o
 .text.LL_GPIO_ResetOutputPin
                0x0000000008000424       0x1c ./Core/Src/gpio.o
 .text.MX_GPIO_Init
                0x0000000008000440       0xcc ./Core/Src/gpio.o
                0x0000000008000440                MX_GPIO_Init
 .text.__NVIC_SetPriorityGrouping
                0x000000000800050c       0x48 ./Core/Src/main.o
 .text.__NVIC_GetPriorityGrouping
                0x0000000008000554       0x1c ./Core/Src/main.o
 .text.__NVIC_SetPriority
                0x0000000008000570       0x54 ./Core/Src/main.o
 .text.NVIC_EncodePriority
                0x00000000080005c4       0x66 ./Core/Src/main.o
 *fill*         0x000000000800062a        0x2 
 .text.LL_RCC_HSI_Enable
                0x000000000800062c       0x20 ./Core/Src/main.o
 .text.LL_RCC_HSI_IsReady
                0x000000000800064c       0x24 ./Core/Src/main.o
 .text.LL_RCC_HSI_SetCalibTrimming
                0x0000000008000670       0x2c ./Core/Src/main.o
 .text.LL_RCC_SetSysClkSource
                0x000000000800069c       0x28 ./Core/Src/main.o
 .text.LL_RCC_GetSysClkSource
                0x00000000080006c4       0x1c ./Core/Src/main.o
 .text.LL_RCC_SetAHBPrescaler
                0x00000000080006e0       0x28 ./Core/Src/main.o
 .text.LL_RCC_SetAPB1Prescaler
                0x0000000008000708       0x28 ./Core/Src/main.o
 .text.LL_RCC_SetAPB2Prescaler
                0x0000000008000730       0x28 ./Core/Src/main.o
 .text.LL_APB1_GRP1_EnableClock
                0x0000000008000758       0x30 ./Core/Src/main.o
 .text.LL_APB2_GRP1_EnableClock
                0x0000000008000788       0x30 ./Core/Src/main.o
 .text.LL_FLASH_SetLatency
                0x00000000080007b8       0x28 ./Core/Src/main.o
 .text.LL_FLASH_GetLatency
                0x00000000080007e0       0x1c ./Core/Src/main.o
 .text.LL_GPIO_IsInputPinSet
                0x00000000080007fc       0x2a ./Core/Src/main.o
 *fill*         0x0000000008000826        0x2 
 .text.main     0x0000000008000828       0x6c ./Core/Src/main.o
                0x0000000008000828                main
 .text.SystemClock_Config
                0x0000000008000894       0x64 ./Core/Src/main.o
                0x0000000008000894                SystemClock_Config
 .text.checkButtonState
                0x00000000080008f8       0x80 ./Core/Src/main.o
                0x00000000080008f8                checkButtonState
 .text.EXTI4_IRQHandler
                0x0000000008000978       0x48 ./Core/Src/main.o
                0x0000000008000978                EXTI4_IRQHandler
 .text.NMI_Handler
                0x00000000080009c0        0x6 ./Core/Src/stm32f3xx_it.o
                0x00000000080009c0                NMI_Handler
 .text.HardFault_Handler
                0x00000000080009c6        0x6 ./Core/Src/stm32f3xx_it.o
                0x00000000080009c6                HardFault_Handler
 .text.MemManage_Handler
                0x00000000080009cc        0x6 ./Core/Src/stm32f3xx_it.o
                0x00000000080009cc                MemManage_Handler
 .text.BusFault_Handler
                0x00000000080009d2        0x6 ./Core/Src/stm32f3xx_it.o
                0x00000000080009d2                BusFault_Handler
 .text.UsageFault_Handler
                0x00000000080009d8        0x6 ./Core/Src/stm32f3xx_it.o
                0x00000000080009d8                UsageFault_Handler
 .text.SVC_Handler
                0x00000000080009de        0xe ./Core/Src/stm32f3xx_it.o
                0x00000000080009de                SVC_Handler
 .text.DebugMon_Handler
                0x00000000080009ec        0xe ./Core/Src/stm32f3xx_it.o
                0x00000000080009ec                DebugMon_Handler
 .text.PendSV_Handler
                0x00000000080009fa        0xe ./Core/Src/stm32f3xx_it.o
                0x00000000080009fa                PendSV_Handler
 .text.SysTick_Handler
                0x0000000008000a08        0xe ./Core/Src/stm32f3xx_it.o
                0x0000000008000a08                SysTick_Handler
 *fill*         0x0000000008000a16        0x2 
 .text.SystemInit
                0x0000000008000a18       0x24 ./Core/Src/system_stm32f3xx.o
                0x0000000008000a18                SystemInit
 .text.Reset_Handler
                0x0000000008000a3c       0x50 ./Core/Startup/startup_stm32f303k8tx.o
                0x0000000008000a3c                Reset_Handler
 .text.Default_Handler
                0x0000000008000a8c        0x2 ./Core/Startup/startup_stm32f303k8tx.o
                0x0000000008000a8c                RTC_Alarm_IRQHandler
                0x0000000008000a8c                TIM1_CC_IRQHandler
                0x0000000008000a8c                PVD_IRQHandler
                0x0000000008000a8c                TAMP_STAMP_IRQHandler
                0x0000000008000a8c                EXTI3_IRQHandler
                0x0000000008000a8c                EXTI0_IRQHandler
                0x0000000008000a8c                FPU_IRQHandler
                0x0000000008000a8c                CAN_TX_IRQHandler
                0x0000000008000a8c                TIM1_UP_TIM16_IRQHandler
                0x0000000008000a8c                ADC1_2_IRQHandler
                0x0000000008000a8c                SPI1_IRQHandler
                0x0000000008000a8c                CAN_SCE_IRQHandler
                0x0000000008000a8c                DMA1_Channel4_IRQHandler
                0x0000000008000a8c                USART3_IRQHandler
                0x0000000008000a8c                DMA1_Channel7_IRQHandler
                0x0000000008000a8c                TIM7_DAC2_IRQHandler
                0x0000000008000a8c                CAN_RX1_IRQHandler
                0x0000000008000a8c                I2C1_EV_IRQHandler
                0x0000000008000a8c                DMA1_Channel6_IRQHandler
                0x0000000008000a8c                TIM3_IRQHandler
                0x0000000008000a8c                RCC_IRQHandler
                0x0000000008000a8c                DMA1_Channel1_IRQHandler
                0x0000000008000a8c                Default_Handler
                0x0000000008000a8c                EXTI15_10_IRQHandler
                0x0000000008000a8c                COMP2_IRQHandler
                0x0000000008000a8c                TIM6_DAC1_IRQHandler
                0x0000000008000a8c                EXTI9_5_IRQHandler
                0x0000000008000a8c                RTC_WKUP_IRQHandler
                0x0000000008000a8c                DMA1_Channel5_IRQHandler
                0x0000000008000a8c                TIM1_TRG_COM_TIM17_IRQHandler
                0x0000000008000a8c                DMA1_Channel3_IRQHandler
                0x0000000008000a8c                WWDG_IRQHandler
                0x0000000008000a8c                TIM2_IRQHandler
                0x0000000008000a8c                EXTI1_IRQHandler
                0x0000000008000a8c                COMP4_6_IRQHandler
                0x0000000008000a8c                USART2_IRQHandler
                0x0000000008000a8c                DMA1_Channel2_IRQHandler
                0x0000000008000a8c                FLASH_IRQHandler
                0x0000000008000a8c                USART1_IRQHandler
                0x0000000008000a8c                CAN_RX0_IRQHandler
                0x0000000008000a8c                I2C1_ER_IRQHandler
                0x0000000008000a8c                EXTI2_TSC_IRQHandler
                0x0000000008000a8c                TIM1_BRK_TIM15_IRQHandler
 *fill*         0x0000000008000a8e        0x2 
 .text.LL_EXTI_EnableIT_0_31
                0x0000000008000a90       0x24 ./Drivers/STM32F3xx_HAL_Driver/Src/stm32f3xx_ll_exti.o
 .text.LL_EXTI_EnableIT_32_63
                0x0000000008000ab4       0x24 ./Drivers/STM32F3xx_HAL_Driver/Src/stm32f3xx_ll_exti.o
 .text.LL_EXTI_DisableIT_0_31
                0x0000000008000ad8       0x28 ./Drivers/STM32F3xx_HAL_Driver/Src/stm32f3xx_ll_exti.o
 .text.LL_EXTI_DisableIT_32_63
                0x0000000008000b00       0x28 ./Drivers/STM32F3xx_HAL_Driver/Src/stm32f3xx_ll_exti.o
 .text.LL_EXTI_EnableEvent_0_31
                0x0000000008000b28       0x24 ./Drivers/STM32F3xx_HAL_Driver/Src/stm32f3xx_ll_exti.o
 .text.LL_EXTI_EnableEvent_32_63
                0x0000000008000b4c       0x24 ./Drivers/STM32F3xx_HAL_Driver/Src/stm32f3xx_ll_exti.o
 .text.LL_EXTI_DisableEvent_0_31
                0x0000000008000b70       0x28 ./Drivers/STM32F3xx_HAL_Driver/Src/stm32f3xx_ll_exti.o
 .text.LL_EXTI_DisableEvent_32_63
                0x0000000008000b98       0x28 ./Drivers/STM32F3xx_HAL_Driver/Src/stm32f3xx_ll_exti.o
 .text.LL_EXTI_EnableRisingTrig_0_31
                0x0000000008000bc0       0x24 ./Drivers/STM32F3xx_HAL_Driver/Src/stm32f3xx_ll_exti.o
 .text.LL_EXTI_EnableRisingTrig_32_63
                0x0000000008000be4       0x24 ./Drivers/STM32F3xx_HAL_Driver/Src/stm32f3xx_ll_exti.o
 .text.LL_EXTI_DisableRisingTrig_0_31
                0x0000000008000c08       0x28 ./Drivers/STM32F3xx_HAL_Driver/Src/stm32f3xx_ll_exti.o
 .text.LL_EXTI_DisableRisingTrig_32_63
                0x0000000008000c30       0x28 ./Drivers/STM32F3xx_HAL_Driver/Src/stm32f3xx_ll_exti.o
 .text.LL_EXTI_EnableFallingTrig_0_31
                0x0000000008000c58       0x24 ./Drivers/STM32F3xx_HAL_Driver/Src/stm32f3xx_ll_exti.o
 .text.LL_EXTI_EnableFallingTrig_32_63
                0x0000000008000c7c       0x24 ./Drivers/STM32F3xx_HAL_Driver/Src/stm32f3xx_ll_exti.o
 .text.LL_EXTI_DisableFallingTrig_0_31
                0x0000000008000ca0       0x28 ./Drivers/STM32F3xx_HAL_Driver/Src/stm32f3xx_ll_exti.o
 .text.LL_EXTI_DisableFallingTrig_32_63
                0x0000000008000cc8       0x28 ./Drivers/STM32F3xx_HAL_Driver/Src/stm32f3xx_ll_exti.o
 .text.LL_EXTI_Init
                0x0000000008000cf0      0x1e6 ./Drivers/STM32F3xx_HAL_Driver/Src/stm32f3xx_ll_exti.o
                0x0000000008000cf0                LL_EXTI_Init
 .text.LL_GPIO_SetPinMode
                0x0000000008000ed6       0x5e ./Drivers/STM32F3xx_HAL_Driver/Src/stm32f3xx_ll_gpio.o
 .text.LL_GPIO_SetPinOutputType
                0x0000000008000f34       0x30 ./Drivers/STM32F3xx_HAL_Driver/Src/stm32f3xx_ll_gpio.o
 .text.LL_GPIO_SetPinSpeed
                0x0000000008000f64       0x5e ./Drivers/STM32F3xx_HAL_Driver/Src/stm32f3xx_ll_gpio.o
 .text.LL_GPIO_SetPinPull
                0x0000000008000fc2       0x5e ./Drivers/STM32F3xx_HAL_Driver/Src/stm32f3xx_ll_gpio.o
 .text.LL_GPIO_SetAFPin_0_7
                0x0000000008001020       0x5e ./Drivers/STM32F3xx_HAL_Driver/Src/stm32f3xx_ll_gpio.o
 .text.LL_GPIO_SetAFPin_8_15
                0x000000000800107e       0x62 ./Drivers/STM32F3xx_HAL_Driver/Src/stm32f3xx_ll_gpio.o
 .text.LL_GPIO_Init
                0x00000000080010e0       0xe0 ./Drivers/STM32F3xx_HAL_Driver/Src/stm32f3xx_ll_gpio.o
                0x00000000080010e0                LL_GPIO_Init
 .text.LL_InitTick
                0x00000000080011c0       0x34 ./Drivers/STM32F3xx_HAL_Driver/Src/stm32f3xx_ll_utils.o
 .text.LL_Init1msTick
                0x00000000080011f4       0x1a ./Drivers/STM32F3xx_HAL_Driver/Src/stm32f3xx_ll_utils.o
                0x00000000080011f4                LL_Init1msTick
 *fill*         0x000000000800120e        0x2 
 .text.LL_mDelay
                0x0000000008001210       0x4c ./Drivers/STM32F3xx_HAL_Driver/Src/stm32f3xx_ll_utils.o
                0x0000000008001210                LL_mDelay
 .text.LL_SetSystemCoreClock
                0x000000000800125c       0x20 ./Drivers/STM32F3xx_HAL_Driver/Src/stm32f3xx_ll_utils.o
                0x000000000800125c                LL_SetSystemCoreClock
 .text.__libc_init_array
                0x000000000800127c       0x48 c:/st/stm32cubeide_1.7.0/stm32cubeide/plugins/com.st.stm32cube.ide.mcu.externaltools.gnu-tools-for-stm32.9-2020-q2-update.win32_2.0.0.202105311346/tools/bin/../lib/gcc/arm-none-eabi/9.3.1/../../../../arm-none-eabi/lib/thumb/v7e-m+fp/hard\libc_nano.a(lib_a-init.o)
                0x000000000800127c                __libc_init_array
 *(.glue_7)
 .glue_7        0x00000000080012c4        0x0 linker stubs
 *(.glue_7t)
 .glue_7t       0x00000000080012c4        0x0 linker stubs
 *(.eh_frame)
 .eh_frame      0x00000000080012c4        0x0 c:/st/stm32cubeide_1.7.0/stm32cubeide/plugins/com.st.stm32cube.ide.mcu.externaltools.gnu-tools-for-stm32.9-2020-q2-update.win32_2.0.0.202105311346/tools/bin/../lib/gcc/arm-none-eabi/9.3.1/thumb/v7e-m+fp/hard/crtbegin.o
 *(.init)
 .init          0x00000000080012c4        0x4 c:/st/stm32cubeide_1.7.0/stm32cubeide/plugins/com.st.stm32cube.ide.mcu.externaltools.gnu-tools-for-stm32.9-2020-q2-update.win32_2.0.0.202105311346/tools/bin/../lib/gcc/arm-none-eabi/9.3.1/thumb/v7e-m+fp/hard/crti.o
                0x00000000080012c4                _init
 .init          0x00000000080012c8        0x8 c:/st/stm32cubeide_1.7.0/stm32cubeide/plugins/com.st.stm32cube.ide.mcu.externaltools.gnu-tools-for-stm32.9-2020-q2-update.win32_2.0.0.202105311346/tools/bin/../lib/gcc/arm-none-eabi/9.3.1/thumb/v7e-m+fp/hard/crtn.o
 *(.fini)
 .fini          0x00000000080012d0        0x4 c:/st/stm32cubeide_1.7.0/stm32cubeide/plugins/com.st.stm32cube.ide.mcu.externaltools.gnu-tools-for-stm32.9-2020-q2-update.win32_2.0.0.202105311346/tools/bin/../lib/gcc/arm-none-eabi/9.3.1/thumb/v7e-m+fp/hard/crti.o
                0x00000000080012d0                _fini
 .fini          0x00000000080012d4        0x8 c:/st/stm32cubeide_1.7.0/stm32cubeide/plugins/com.st.stm32cube.ide.mcu.externaltools.gnu-tools-for-stm32.9-2020-q2-update.win32_2.0.0.202105311346/tools/bin/../lib/gcc/arm-none-eabi/9.3.1/thumb/v7e-m+fp/hard/crtn.o
                0x00000000080012dc                . = ALIGN (0x4)
                0x00000000080012dc                _etext = .

.vfp11_veneer   0x00000000080012dc        0x0
 .vfp11_veneer  0x00000000080012dc        0x0 linker stubs

.v4_bx          0x00000000080012dc        0x0
 .v4_bx         0x00000000080012dc        0x0 linker stubs

.iplt           0x00000000080012dc        0x0
 .iplt          0x00000000080012dc        0x0 c:/st/stm32cubeide_1.7.0/stm32cubeide/plugins/com.st.stm32cube.ide.mcu.externaltools.gnu-tools-for-stm32.9-2020-q2-update.win32_2.0.0.202105311346/tools/bin/../lib/gcc/arm-none-eabi/9.3.1/thumb/v7e-m+fp/hard/crtbegin.o

.rel.dyn        0x00000000080012dc        0x0
 .rel.iplt      0x00000000080012dc        0x0 c:/st/stm32cubeide_1.7.0/stm32cubeide/plugins/com.st.stm32cube.ide.mcu.externaltools.gnu-tools-for-stm32.9-2020-q2-update.win32_2.0.0.202105311346/tools/bin/../lib/gcc/arm-none-eabi/9.3.1/thumb/v7e-m+fp/hard/crtbegin.o

.rodata         0x00000000080012dc        0x0
                0x00000000080012dc                . = ALIGN (0x4)
 *(.rodata)
 *(.rodata*)
                0x00000000080012dc                . = ALIGN (0x4)

.ARM.extab      0x00000000080012dc        0x0
                0x00000000080012dc                . = ALIGN (0x4)
 *(.ARM.extab* .gnu.linkonce.armextab.*)
                0x00000000080012dc                . = ALIGN (0x4)

.ARM            0x00000000080012dc        0x0
                0x00000000080012dc                . = ALIGN (0x4)
                0x00000000080012dc                __exidx_start = .
 *(.ARM.exidx*)
                0x00000000080012dc                __exidx_end = .
                0x00000000080012dc                . = ALIGN (0x4)

.preinit_array  0x00000000080012dc        0x0
                0x00000000080012dc                . = ALIGN (0x4)
                0x00000000080012dc                PROVIDE (__preinit_array_start = .)
 *(.preinit_array*)
                0x00000000080012dc                PROVIDE (__preinit_array_end = .)
                0x00000000080012dc                . = ALIGN (0x4)

.init_array     0x00000000080012dc        0x4
                0x00000000080012dc                . = ALIGN (0x4)
                0x00000000080012dc                PROVIDE (__init_array_start = .)
 *(SORT_BY_NAME(.init_array.*))
 *(.init_array*)
 .init_array    0x00000000080012dc        0x4 c:/st/stm32cubeide_1.7.0/stm32cubeide/plugins/com.st.stm32cube.ide.mcu.externaltools.gnu-tools-for-stm32.9-2020-q2-update.win32_2.0.0.202105311346/tools/bin/../lib/gcc/arm-none-eabi/9.3.1/thumb/v7e-m+fp/hard/crtbegin.o
                0x00000000080012e0                PROVIDE (__init_array_end = .)
                0x00000000080012e0                . = ALIGN (0x4)

.fini_array     0x00000000080012e0        0x4
                0x00000000080012e0                . = ALIGN (0x4)
                [!provide]                        PROVIDE (__fini_array_start = .)
 *(SORT_BY_NAME(.fini_array.*))
 *(.fini_array*)
 .fini_array    0x00000000080012e0        0x4 c:/st/stm32cubeide_1.7.0/stm32cubeide/plugins/com.st.stm32cube.ide.mcu.externaltools.gnu-tools-for-stm32.9-2020-q2-update.win32_2.0.0.202105311346/tools/bin/../lib/gcc/arm-none-eabi/9.3.1/thumb/v7e-m+fp/hard/crtbegin.o
                [!provide]                        PROVIDE (__fini_array_end = .)
                0x00000000080012e4                . = ALIGN (0x4)
                0x00000000080012e4                _sidata = LOADADDR (.data)

.data           0x0000000020000000        0x4 load address 0x00000000080012e4
                0x0000000020000000                . = ALIGN (0x4)
                0x0000000020000000                _sdata = .
 *(.data)
 *(.data*)
 .data.SystemCoreClock
                0x0000000020000000        0x4 ./Core/Src/system_stm32f3xx.o
                0x0000000020000000                SystemCoreClock
 *(.RamFunc)
 *(.RamFunc*)
                0x0000000020000004                . = ALIGN (0x4)
                0x0000000020000004                _edata = .
                0x00000000080012e8                _siccmram = LOADADDR (.ccmram)

.igot.plt       0x0000000020000004        0x0 load address 0x00000000080012e8
 .igot.plt      0x0000000020000004        0x0 c:/st/stm32cubeide_1.7.0/stm32cubeide/plugins/com.st.stm32cube.ide.mcu.externaltools.gnu-tools-for-stm32.9-2020-q2-update.win32_2.0.0.202105311346/tools/bin/../lib/gcc/arm-none-eabi/9.3.1/thumb/v7e-m+fp/hard/crtbegin.o

.ccmram         0x0000000010000000        0x0 load address 0x00000000080012e8
                0x0000000010000000                . = ALIGN (0x4)
                0x0000000010000000                _sccmram = .
 *(.ccmram)
 *(.ccmram*)
                0x0000000010000000                . = ALIGN (0x4)
                0x0000000010000000                _eccmram = .
                0x0000000010000000                . = ALIGN (0x4)

.bss            0x0000000020000004       0x20
                0x0000000020000004                _sbss = .
                0x0000000020000004                __bss_start__ = _sbss
 *(.bss)
 .bss           0x0000000020000004       0x1c c:/st/stm32cubeide_1.7.0/stm32cubeide/plugins/com.st.stm32cube.ide.mcu.externaltools.gnu-tools-for-stm32.9-2020-q2-update.win32_2.0.0.202105311346/tools/bin/../lib/gcc/arm-none-eabi/9.3.1/thumb/v7e-m+fp/hard/crtbegin.o
 *(.bss*)
 .bss.switch_state
                0x0000000020000020        0x1 ./Core/Src/main.o
                0x0000000020000020                switch_state
 *(COMMON)
                0x0000000020000024                . = ALIGN (0x4)
 *fill*         0x0000000020000021        0x3 
                0x0000000020000024                _ebss = .
                0x0000000020000024                __bss_end__ = _ebss

._user_heap_stack
                0x0000000020000024      0x604
                0x0000000020000028                . = ALIGN (0x8)
 *fill*         0x0000000020000024        0x4 
                [!provide]                        PROVIDE (end = .)
                0x0000000020000028                PROVIDE (_end = .)
                0x0000000020000228                . = (. + _Min_Heap_Size)
 *fill*         0x0000000020000028      0x200 
                0x0000000020000628                . = (. + _Min_Stack_Size)
 *fill*         0x0000000020000228      0x400 
                0x0000000020000628                . = ALIGN (0x8)

/DISCARD/
 libc.a(*)
 libm.a(*)
 libgcc.a(*)

.ARM.attributes
                0x0000000000000000       0x30
 *(.ARM.attributes)
 .ARM.attributes
                0x0000000000000000       0x1e c:/st/stm32cubeide_1.7.0/stm32cubeide/plugins/com.st.stm32cube.ide.mcu.externaltools.gnu-tools-for-stm32.9-2020-q2-update.win32_2.0.0.202105311346/tools/bin/../lib/gcc/arm-none-eabi/9.3.1/thumb/v7e-m+fp/hard/crti.o
 .ARM.attributes
                0x000000000000001e       0x34 c:/st/stm32cubeide_1.7.0/stm32cubeide/plugins/com.st.stm32cube.ide.mcu.externaltools.gnu-tools-for-stm32.9-2020-q2-update.win32_2.0.0.202105311346/tools/bin/../lib/gcc/arm-none-eabi/9.3.1/thumb/v7e-m+fp/hard/crtbegin.o
 .ARM.attributes
                0x0000000000000052       0x34 ./Core/Src/gpio.o
 .ARM.attributes
                0x0000000000000086       0x34 ./Core/Src/main.o
 .ARM.attributes
                0x00000000000000ba       0x34 ./Core/Src/stm32f3xx_it.o
 .ARM.attributes
                0x00000000000000ee       0x34 ./Core/Src/system_stm32f3xx.o
 .ARM.attributes
                0x0000000000000122       0x21 ./Core/Startup/startup_stm32f303k8tx.o
 .ARM.attributes
                0x0000000000000143       0x34 ./Drivers/STM32F3xx_HAL_Driver/Src/stm32f3xx_ll_exti.o
 .ARM.attributes
                0x0000000000000177       0x34 ./Drivers/STM32F3xx_HAL_Driver/Src/stm32f3xx_ll_gpio.o
 .ARM.attributes
                0x00000000000001ab       0x34 ./Drivers/STM32F3xx_HAL_Driver/Src/stm32f3xx_ll_utils.o
 .ARM.attributes
                0x00000000000001df       0x34 c:/st/stm32cubeide_1.7.0/stm32cubeide/plugins/com.st.stm32cube.ide.mcu.externaltools.gnu-tools-for-stm32.9-2020-q2-update.win32_2.0.0.202105311346/tools/bin/../lib/gcc/arm-none-eabi/9.3.1/../../../../arm-none-eabi/lib/thumb/v7e-m+fp/hard\libc_nano.a(lib_a-init.o)
 .ARM.attributes
                0x0000000000000213       0x1e c:/st/stm32cubeide_1.7.0/stm32cubeide/plugins/com.st.stm32cube.ide.mcu.externaltools.gnu-tools-for-stm32.9-2020-q2-update.win32_2.0.0.202105311346/tools/bin/../lib/gcc/arm-none-eabi/9.3.1/thumb/v7e-m+fp/hard/crtn.o
OUTPUT(zadanie_cv5.elf elf32-littlearm)
LOAD linker stubs
LOAD c:/st/stm32cubeide_1.7.0/stm32cubeide/plugins/com.st.stm32cube.ide.mcu.externaltools.gnu-tools-for-stm32.9-2020-q2-update.win32_2.0.0.202105311346/tools/bin/../lib/gcc/arm-none-eabi/9.3.1/../../../../arm-none-eabi/lib/thumb/v7e-m+fp/hard\libc.a
LOAD c:/st/stm32cubeide_1.7.0/stm32cubeide/plugins/com.st.stm32cube.ide.mcu.externaltools.gnu-tools-for-stm32.9-2020-q2-update.win32_2.0.0.202105311346/tools/bin/../lib/gcc/arm-none-eabi/9.3.1/../../../../arm-none-eabi/lib/thumb/v7e-m+fp/hard\libm.a
LOAD c:/st/stm32cubeide_1.7.0/stm32cubeide/plugins/com.st.stm32cube.ide.mcu.externaltools.gnu-tools-for-stm32.9-2020-q2-update.win32_2.0.0.202105311346/tools/bin/../lib/gcc/arm-none-eabi/9.3.1/thumb/v7e-m+fp/hard\libgcc.a

.debug_info     0x0000000000000000     0x3524
 .debug_info    0x0000000000000000      0xc5b ./Core/Src/gpio.o
 .debug_info    0x0000000000000c5b      0xc8a ./Core/Src/main.o
 .debug_info    0x00000000000018e5      0x1e6 ./Core/Src/stm32f3xx_it.o
 .debug_info    0x0000000000001acb      0x439 ./Core/Src/system_stm32f3xx.o
 .debug_info    0x0000000000001f04       0x22 ./Core/Startup/startup_stm32f303k8tx.o
 .debug_info    0x0000000000001f26      0x59b ./Drivers/STM32F3xx_HAL_Driver/Src/stm32f3xx_ll_exti.o
 .debug_info    0x00000000000024c1      0x7ce ./Drivers/STM32F3xx_HAL_Driver/Src/stm32f3xx_ll_gpio.o
 .debug_info    0x0000000000002c8f      0x895 ./Drivers/STM32F3xx_HAL_Driver/Src/stm32f3xx_ll_utils.o

.debug_abbrev   0x0000000000000000      0xda5
 .debug_abbrev  0x0000000000000000      0x272 ./Core/Src/gpio.o
 .debug_abbrev  0x0000000000000272      0x28c ./Core/Src/main.o
 .debug_abbrev  0x00000000000004fe       0xad ./Core/Src/stm32f3xx_it.o
 .debug_abbrev  0x00000000000005ab      0x129 ./Core/Src/system_stm32f3xx.o
 .debug_abbrev  0x00000000000006d4       0x12 ./Core/Startup/startup_stm32f303k8tx.o
 .debug_abbrev  0x00000000000006e6      0x1c2 ./Drivers/STM32F3xx_HAL_Driver/Src/stm32f3xx_ll_exti.o
 .debug_abbrev  0x00000000000008a8      0x23b ./Drivers/STM32F3xx_HAL_Driver/Src/stm32f3xx_ll_gpio.o
 .debug_abbrev  0x0000000000000ae3      0x2c2 ./Drivers/STM32F3xx_HAL_Driver/Src/stm32f3xx_ll_utils.o

.debug_aranges  0x0000000000000000      0x3f0
 .debug_aranges
                0x0000000000000000       0x68 ./Core/Src/gpio.o
 .debug_aranges
                0x0000000000000068       0xc8 ./Core/Src/main.o
 .debug_aranges
                0x0000000000000130       0x60 ./Core/Src/stm32f3xx_it.o
 .debug_aranges
                0x0000000000000190       0x28 ./Core/Src/system_stm32f3xx.o
 .debug_aranges
                0x00000000000001b8       0x28 ./Core/Startup/startup_stm32f303k8tx.o
 .debug_aranges
                0x00000000000001e0       0xb0 ./Drivers/STM32F3xx_HAL_Driver/Src/stm32f3xx_ll_exti.o
 .debug_aranges
                0x0000000000000290       0x70 ./Drivers/STM32F3xx_HAL_Driver/Src/stm32f3xx_ll_gpio.o
 .debug_aranges
                0x0000000000000300       0xf0 ./Drivers/STM32F3xx_HAL_Driver/Src/stm32f3xx_ll_utils.o

.debug_ranges   0x0000000000000000      0x378
 .debug_ranges  0x0000000000000000       0x58 ./Core/Src/gpio.o
 .debug_ranges  0x0000000000000058       0xb8 ./Core/Src/main.o
 .debug_ranges  0x0000000000000110       0x50 ./Core/Src/stm32f3xx_it.o
 .debug_ranges  0x0000000000000160       0x18 ./Core/Src/system_stm32f3xx.o
 .debug_ranges  0x0000000000000178       0x20 ./Core/Startup/startup_stm32f303k8tx.o
 .debug_ranges  0x0000000000000198       0xa0 ./Drivers/STM32F3xx_HAL_Driver/Src/stm32f3xx_ll_exti.o
 .debug_ranges  0x0000000000000238       0x60 ./Drivers/STM32F3xx_HAL_Driver/Src/stm32f3xx_ll_gpio.o
 .debug_ranges  0x0000000000000298       0xe0 ./Drivers/STM32F3xx_HAL_Driver/Src/stm32f3xx_ll_utils.o

.debug_macro    0x0000000000000000    0x14453
 .debug_macro   0x0000000000000000      0x12d ./Core/Src/gpio.o
 .debug_macro   0x000000000000012d      0xade ./Core/Src/gpio.o
 .debug_macro   0x0000000000000c0b       0x2e ./Core/Src/gpio.o
 .debug_macro   0x0000000000000c39       0x28 ./Core/Src/gpio.o
 .debug_macro   0x0000000000000c61       0x22 ./Core/Src/gpio.o
 .debug_macro   0x0000000000000c83       0x8e ./Core/Src/gpio.o
 .debug_macro   0x0000000000000d11       0x51 ./Core/Src/gpio.o
 .debug_macro   0x0000000000000d62      0x103 ./Core/Src/gpio.o
 .debug_macro   0x0000000000000e65       0x6a ./Core/Src/gpio.o
 .debug_macro   0x0000000000000ecf      0x1df ./Core/Src/gpio.o
 .debug_macro   0x00000000000010ae       0x1c ./Core/Src/gpio.o
 .debug_macro   0x00000000000010ca       0x22 ./Core/Src/gpio.o
 .debug_macro   0x00000000000010ec       0xdf ./Core/Src/gpio.o
 .debug_macro   0x00000000000011cb      0xf07 ./Core/Src/gpio.o
 .debug_macro   0x00000000000020d2    0x10be0 ./Core/Src/gpio.o
 .debug_macro   0x0000000000012cb2       0x6d ./Core/Src/gpio.o
 .debug_macro   0x0000000000012d1f      0x4bc ./Core/Src/gpio.o
 .debug_macro   0x00000000000131db       0xe1 ./Core/Src/gpio.o
 .debug_macro   0x00000000000132bc      0x29f ./Core/Src/gpio.o
 .debug_macro   0x000000000001355b       0xfe ./Core/Src/gpio.o
 .debug_macro   0x0000000000013659       0x28 ./Core/Src/gpio.o
 .debug_macro   0x0000000000013681       0x30 ./Core/Src/gpio.o
 .debug_macro   0x00000000000136b1       0xa8 ./Core/Src/gpio.o
 .debug_macro   0x0000000000013759      0x287 ./Core/Src/gpio.o
 .debug_macro   0x00000000000139e0      0x142 ./Core/Src/gpio.o
 .debug_macro   0x0000000000013b22       0x40 ./Core/Src/gpio.o
 .debug_macro   0x0000000000013b62      0x13a ./Core/Src/main.o
 .debug_macro   0x0000000000013c9c       0x34 ./Core/Src/main.o
 .debug_macro   0x0000000000013cd0      0x140 ./Core/Src/stm32f3xx_it.o
 .debug_macro   0x0000000000013e10       0x2e ./Core/Src/stm32f3xx_it.o
 .debug_macro   0x0000000000013e3e       0xbd ./Core/Src/system_stm32f3xx.o
 .debug_macro   0x0000000000013efb       0xea ./Drivers/STM32F3xx_HAL_Driver/Src/stm32f3xx_ll_exti.o
 .debug_macro   0x0000000000013fe5       0xf8 ./Drivers/STM32F3xx_HAL_Driver/Src/stm32f3xx_ll_exti.o
 .debug_macro   0x00000000000140dd       0xff ./Drivers/STM32F3xx_HAL_Driver/Src/stm32f3xx_ll_gpio.o
 .debug_macro   0x00000000000141dc      0x13c ./Drivers/STM32F3xx_HAL_Driver/Src/stm32f3xx_ll_gpio.o
 .debug_macro   0x0000000000014318      0x13b ./Drivers/STM32F3xx_HAL_Driver/Src/stm32f3xx_ll_utils.o

.debug_line     0x0000000000000000     0x331c
 .debug_line    0x0000000000000000      0x75a ./Core/Src/gpio.o
 .debug_line    0x000000000000075a      0x8e3 ./Core/Src/main.o
 .debug_line    0x000000000000103d      0x62f ./Core/Src/stm32f3xx_it.o
 .debug_line    0x000000000000166c      0x4d8 ./Core/Src/system_stm32f3xx.o
 .debug_line    0x0000000000001b44       0x88 ./Core/Startup/startup_stm32f303k8tx.o
 .debug_line    0x0000000000001bcc      0x703 ./Drivers/STM32F3xx_HAL_Driver/Src/stm32f3xx_ll_exti.o
 .debug_line    0x00000000000022cf      0x73a ./Drivers/STM32F3xx_HAL_Driver/Src/stm32f3xx_ll_gpio.o
 .debug_line    0x0000000000002a09      0x913 ./Drivers/STM32F3xx_HAL_Driver/Src/stm32f3xx_ll_utils.o

.debug_str      0x0000000000000000    0x6ded6
 .debug_str     0x0000000000000000    0x6c2f5 ./Core/Src/gpio.o
                                      0x6c595 (size before relaxing)
 .debug_str     0x000000000006c2f5      0x2f7 ./Core/Src/main.o
                                      0x6c6ea (size before relaxing)
 .debug_str     0x000000000006c5ec       0xbd ./Core/Src/stm32f3xx_it.o
                                      0x6c019 (size before relaxing)
 .debug_str     0x000000000006c6a9       0x5f ./Core/Src/system_stm32f3xx.o
                                      0x65702 (size before relaxing)
 .debug_str     0x000000000006c708       0x36 ./Core/Startup/startup_stm32f303k8tx.o
                                         0x63 (size before relaxing)
 .debug_str     0x000000000006c73e      0x480 ./Drivers/STM32F3xx_HAL_Driver/Src/stm32f3xx_ll_exti.o
                                      0x66036 (size before relaxing)
 .debug_str     0x000000000006cbbe      0x600 ./Drivers/STM32F3xx_HAL_Driver/Src/stm32f3xx_ll_gpio.o
                                      0x66a65 (size before relaxing)
 .debug_str     0x000000000006d1be      0xd18 ./Drivers/STM32F3xx_HAL_Driver/Src/stm32f3xx_ll_utils.o
                                      0x6a737 (size before relaxing)

.comment        0x0000000000000000       0x53
 .comment       0x0000000000000000       0x53 ./Core/Src/gpio.o
                                         0x54 (size before relaxing)
 .comment       0x0000000000000053       0x54 ./Core/Src/main.o
 .comment       0x0000000000000053       0x54 ./Core/Src/stm32f3xx_it.o
 .comment       0x0000000000000053       0x54 ./Core/Src/system_stm32f3xx.o
 .comment       0x0000000000000053       0x54 ./Drivers/STM32F3xx_HAL_Driver/Src/stm32f3xx_ll_exti.o
 .comment       0x0000000000000053       0x54 ./Drivers/STM32F3xx_HAL_Driver/Src/stm32f3xx_ll_gpio.o
 .comment       0x0000000000000053       0x54 ./Drivers/STM32F3xx_HAL_Driver/Src/stm32f3xx_ll_utils.o

.debug_frame    0x0000000000000000      0xee0
 .debug_frame   0x0000000000000000      0x194 ./Core/Src/gpio.o
 .debug_frame   0x0000000000000194      0x328 ./Core/Src/main.o
 .debug_frame   0x00000000000004bc      0x108 ./Core/Src/stm32f3xx_it.o
 .debug_frame   0x00000000000005c4       0x58 ./Core/Src/system_stm32f3xx.o
 .debug_frame   0x000000000000061c      0x2fc ./Drivers/STM32F3xx_HAL_Driver/Src/stm32f3xx_ll_exti.o
 .debug_frame   0x0000000000000918      0x1c0 ./Drivers/STM32F3xx_HAL_Driver/Src/stm32f3xx_ll_gpio.o
 .debug_frame   0x0000000000000ad8      0x3dc ./Drivers/STM32F3xx_HAL_Driver/Src/stm32f3xx_ll_utils.o
 .debug_frame   0x0000000000000eb4       0x2c c:/st/stm32cubeide_1.7.0/stm32cubeide/plugins/com.st.stm32cube.ide.mcu.externaltools.gnu-tools-for-stm32.9-2020-q2-update.win32_2.0.0.202105311346/tools/bin/../lib/gcc/arm-none-eabi/9.3.1/../../../../arm-none-eabi/lib/thumb/v7e-m+fp/hard\libc_nano.a(lib_a-init.o)
